python-sdk/tutorials/automl-with-azureml/forecasting-orange-juice-sales/predictions.csv
WeekStarting,Store,Brand,Advert,Price,Age60,COLLEGE,INCOME,Hincome150,Large HH,Minorities,WorkingWoman,SSTRDIST,SSTRVOL,CPDIST5,CPWVOL5,Quantity,prediction_interval,predicted
1992-05-14,8,tropicana,0,2.89,0.252394035,0.095173274,10.59700966,0.054227156,0.131749698,0.035243328,0.283074736,2.636332801,1.5,2.905384316,0.641015947,12864,"[-26638.909737525453, 47711.61158352601]",10536.350923000286
1992-05-21,8,tropicana,0,2.89,0.252394035,0.095173274,10.59700966,0.054227156,0.131749698,0.035243328,0.283074736,2.636332801,1.5,2.905384316,0.641015947,7168,"[-41642.854785645446, 63504.66083609551]",10930.903025225038
1992-05-28,8,tropicana,0,2.89,0.252394035,0.095173274,10.59700966,0.054227156,0.131749698,0.035243328,0.283074736,2.636332801,1.5,2.905384316,0.641015947,9024,"[-53617.95748838929, 75160.92300890492]",10771.482760257826
1992-06-04,8,tropicana,1,2.49,0.252394035,0.095173274,10.59700966,0.054227156,0.131749698,0.035243328,0.283074736,2.636332801,1.5,2.905384316,0.641015947,84992,"[-49651.09639091218, 99049.94625119075]",24699.424930139303
1992-06-11,8,tropicana,0,2.49,0.252394035,0.095173274,10.59700966,0.054227156,0.131749698,0.035243328,0.283074736,2.636332801,1.5,2.905384316,0.641015947,14144,"[-69733.79662012025, 96519.0232162983]",13392.61329808904
1992-06-25,8,tropicana,1,2.89,0.252394035,0.095173274,10.59700966,0.054227156,0.131749698,0.035243328,0.283074736,2.636332801,1.5,2.905384316,0.641015947,7488,"[-64099.65771434349, 132613.33154916423]",34256.83691741038
1992-07-02,8,tropicana,0,2.69,0.252394035,0.095173274,10.59700966,0.054227156,0.131749698,0.035243328,0.283074736,2.636332801,1.5,2.905384316,0.641015947,12352,"[-92104.22381710957, 118190.80742637234]",13043.291804631408
1992-07-09,8,tropicana,0,2.89,0.252394035,0.095173274,10.59700966,0.054227156,0.131749698,0.035243328,0.283074736,2.636332801,1.5,2.905384316,0.641015947,5696,"[-103109.44866145881, 119942.1153016956]",8416.333320118394
1992-07-16,8,tropicana,0,2.89,0.252394035,0.095173274,10.59700966,0.054227156,0.131749698,0.035243328,0.283074736,2.636332801,1.5,2.905384316,0.641015947,7680,"[-109739.17721387948, 125377.81538155436]",7819.31908383745
1992-07-23,8,tropicana,0,2.89,0.252394035,0.095173274,10.59700966,0.054227156,0.131749698,0.035243328,0.283074736,2.636332801,1.5,2.905384316,0.641015947,5440,"[-116322.30023534354, 130270.48195390345]",6974.090859279969
1992-07-30,8,tropicana,0,2.89,0.252394035,0.095173274,10.59700966,0.054227156,0.131749698,0.035243328,0.283074736,2.636332801,1.5,2.905384316,0.641015947,5632,"[-120251.90094512001, 137305.8600494684]",8526.979552174216
1992-08-06,8,tropicana,1,2.79,0.252394035,0.095173274,10.59700966,0.054227156,0.131749698,0.035243328,0.283074736,2.636332801,1.5,2.905384316,0.641015947,8960,"[-111302.39882204344, 156772.2181584862]",22734.909668221408
1992-08-13,8,tropicana,0,2.89,0.252394035,0.095173274,10.59700966,0.054227156,0.131749698,0.035243328,0.283074736,2.636332801,1.5,2.905384316,0.641015947,6080,"[-130235.04071927752, 147959.1365921281]",8862.047936425311
1992-08-20,8,tropicana,1,2.79,0.252394035,0.095173274,10.59700966,0.054227156,0.131749698,0.035243328,0.283074736,2.636332801,1.5,2.905384316,0.641015947,8576,"[-79323.63915865665, 208634.69169961518]",64655.526270479284
1992-08-27,8,tropicana,0,2.89,0.252394035,0.095173274,10.59700966,0.054227156,0.131749698,0.035243328,0.283074736,2.636332801,1.5,2.905384316,0.641015947,8000,"[-139245.84772808335, 158156.2375561225]",9455.194914019607
1992-09-03,8,tropicana,1,2.49,0.252394035,0.095173274,10.59700966,0.054227156,0.131749698,0.035243328,0.283074736,2.636332801,1.5,2.905384316,0.641015947,21760,"[-128594.22346049576, 177960.82926593735]",24683.302902720818
1992-09-10,8,tropicana,0,2.49,0.252394035,0.095173274,10.59700966,0.054227156,0.131749698,0.035243328,0.283074736,2.636332801,1.5,2.905384316,0.641015947,12800,"[-145203.06186417685, 170239.48500104592]",12518.211568434548
1992-09-17,8,tropicana,0,2.89,0.252394035,0.095173274,10.59700966,0.054227156,0.131749698,0.035243328,0.283074736,2.636332801,1.5,2.905384316,0.641015947,10112,"[-153899.62784910286, 170186.78098892674]",8143.576569911959
1992-09-24,8,tropicana,1,2.79,0.252394035,0.095173274,10.59700966,0.054227156,0.131749698,0.035243328,0.283074736,2.636332801,1.5,2.905384316,0.641015947,10304,"[-133088.02175539616, 199417.61791744095]",33164.79808102244
1992-10-01,8,tropicana,0,2.89,0.252394035,0.095173274,10.59700966,0.054227156,0.131749698,0.035243328,0.283074736,2.636332801,1.5,2.905384316,0.641015947,6400,"[-157889.5568591618, 182827.3350539846]",12468.889097411407
